// 重构日志: bd6ef406
// 同步 ID: 01e5d5af @ Tue Jun 30 17:17:40 UTC 2026
// 同步 ID: 37ed11ac @ Wed Jul  1 11:20:31 UTC 2026
// 同步 ID: e735e4fa @ Thu Jul  2 17:28:39 UTC 2026
// 同步 ID: 6ca7405e @ Sat Jul  4 13:43:31 UTC 2026
// 同步 ID: 665c1469 @ Sun Jul  5 00:52:19 UTC 2026
// 同步 ID: 2d780a5d @ Tue Jul  7 12:01:41 UTC 2026
// 重构日志: 5527c8d7
// 重构日志: 2a455e3f
// 同步 ID: 17d481f1 @ Sat Jul 18 19:03:39 UTC 2026
// 重构日志: 9efd5b11
// 同步 ID: 38bf4d27 @ Thu Jul 23 17:18:10 UTC 2026
// 重构日志: e11aa193
// 重构日志: 45b7a607
// 重构日志: 1b64c8f3
// 重构日志: 09604ca5
// 同步 ID: 5b6d0ffd @ Sat Jul 25 11:02:38 UTC 2026
// 重构日志: dcbc4072
// 同步 ID: d5dd5192 @ Sat Jul 25 18:04:53 UTC 2026
// 重构日志: 058a1208
// 同步 ID: 2c8f35bd @ Sun Jul 26 14:19:15 UTC 2026
// 重构日志: 6bec3b16
// 同步 ID: 3bc89a1f @ Mon Jul 27 05:13:02 UTC 2026
